Archive member included to satisfy reference by file (symbol)

C:/ST/STM32CubeIDE_1.13.0/STM32CubeIDE/plugins/com.st.stm32cube.ide.mcu.externaltools.gnu-tools-for-stm32.11.3.rel1.win32_1.1.0.202305231506/tools/bin/../lib/gcc/arm-none-eabi/11.3.1/../../../../arm-none-eabi/lib/thumb/v7e-m+fp/hard\libc_nano.a(libc_a-exit.o)
                              C:/ST/STM32CubeIDE_1.13.0/STM32CubeIDE/plugins/com.st.stm32cube.ide.mcu.externaltools.gnu-tools-for-stm32.11.3.rel1.win32_1.1.0.202305231506/tools/bin/../lib/gcc/arm-none-eabi/11.3.1/../../../../arm-none-eabi/lib/thumb/v7e-m+fp/hard/crt0.o (exit)
C:/ST/STM32CubeIDE_1.13.0/STM32CubeIDE/plugins/com.st.stm32cube.ide.mcu.externaltools.gnu-tools-for-stm32.11.3.rel1.win32_1.1.0.202305231506/tools/bin/../lib/gcc/arm-none-eabi/11.3.1/../../../../arm-none-eabi/lib/thumb/v7e-m+fp/hard\libc_nano.a(libc_a-rand.o)
                              ./ThirdParty/mcp2518fd/drv_spi.o (rand)
C:/ST/STM32CubeIDE_1.13.0/STM32CubeIDE/plugins/com.st.stm32cube.ide.mcu.externaltools.gnu-tools-for-stm32.11.3.rel1.win32_1.1.0.202305231506/tools/bin/../lib/gcc/arm-none-eabi/11.3.1/../../../../arm-none-eabi/lib/thumb/v7e-m+fp/hard\libc_nano.a(libc_a-findfp.o)
                              C:/ST/STM32CubeIDE_1.13.0/STM32CubeIDE/plugins/com.st.stm32cube.ide.mcu.externaltools.gnu-tools-for-stm32.11.3.rel1.win32_1.1.0.202305231506/tools/bin/../lib/gcc/arm-none-eabi/11.3.1/../../../../arm-none-eabi/lib/thumb/v7e-m+fp/hard\libc_nano.a(libc_a-exit.o) (__stdio_exit_handler)
C:/ST/STM32CubeIDE_1.13.0/STM32CubeIDE/plugins/com.st.stm32cube.ide.mcu.externaltools.gnu-tools-for-stm32.11.3.rel1.win32_1.1.0.202305231506/tools/bin/../lib/gcc/arm-none-eabi/11.3.1/../../../../arm-none-eabi/lib/thumb/v7e-m+fp/hard\libc_nano.a(libc_a-fwalk.o)
                              C:/ST/STM32CubeIDE_1.13.0/STM32CubeIDE/plugins/com.st.stm32cube.ide.mcu.externaltools.gnu-tools-for-stm32.11.3.rel1.win32_1.1.0.202305231506/tools/bin/../lib/gcc/arm-none-eabi/11.3.1/../../../../arm-none-eabi/lib/thumb/v7e-m+fp/hard\libc_nano.a(libc_a-findfp.o) (_fwalk_sglue)
C:/ST/STM32CubeIDE_1.13.0/STM32CubeIDE/plugins/com.st.stm32cube.ide.mcu.externaltools.gnu-tools-for-stm32.11.3.rel1.win32_1.1.0.202305231506/tools/bin/../lib/gcc/arm-none-eabi/11.3.1/../../../../arm-none-eabi/lib/thumb/v7e-m+fp/hard\libc_nano.a(libc_a-printf.o)
                              ./ThirdParty/mcp2518fd/drv_spi.o (printf)
C:/ST/STM32CubeIDE_1.13.0/STM32CubeIDE/plugins/com.st.stm32cube.ide.mcu.externaltools.gnu-tools-for-stm32.11.3.rel1.win32_1.1.0.202305231506/tools/bin/../lib/gcc/arm-none-eabi/11.3.1/../../../../arm-none-eabi/lib/thumb/v7e-m+fp/hard\libc_nano.a(libc_a-stdio.o)
                              C:/ST/STM32CubeIDE_1.13.0/STM32CubeIDE/plugins/com.st.stm32cube.ide.mcu.externaltools.gnu-tools-for-stm32.11.3.rel1.win32_1.1.0.202305231506/tools/bin/../lib/gcc/arm-none-eabi/11.3.1/../../../../arm-none-eabi/lib/thumb/v7e-m+fp/hard\libc_nano.a(libc_a-findfp.o) (__sread)
C:/ST/STM32CubeIDE_1.13.0/STM32CubeIDE/plugins/com.st.stm32cube.ide.mcu.externaltools.gnu-tools-for-stm32.11.3.rel1.win32_1.1.0.202305231506/tools/bin/../lib/gcc/arm-none-eabi/11.3.1/../../../../arm-none-eabi/lib/thumb/v7e-m+fp/hard\libc_nano.a(libc_a-memset.o)
                              C:/ST/STM32CubeIDE_1.13.0/STM32CubeIDE/plugins/com.st.stm32cube.ide.mcu.externaltools.gnu-tools-for-stm32.11.3.rel1.win32_1.1.0.202305231506/tools/bin/../lib/gcc/arm-none-eabi/11.3.1/../../../../arm-none-eabi/lib/thumb/v7e-m+fp/hard/crt0.o (memset)
C:/ST/STM32CubeIDE_1.13.0/STM32CubeIDE/plugins/com.st.stm32cube.ide.mcu.externaltools.gnu-tools-for-stm32.11.3.rel1.win32_1.1.0.202305231506/tools/bin/../lib/gcc/arm-none-eabi/11.3.1/../../../../arm-none-eabi/lib/thumb/v7e-m+fp/hard\libc_nano.a(libc_a-closer.o)
                              C:/ST/STM32CubeIDE_1.13.0/STM32CubeIDE/plugins/com.st.stm32cube.ide.mcu.externaltools.gnu-tools-for-stm32.11.3.rel1.win32_1.1.0.202305231506/tools/bin/../lib/gcc/arm-none-eabi/11.3.1/../../../../arm-none-eabi/lib/thumb/v7e-m+fp/hard\libc_nano.a(libc_a-stdio.o) (_close_r)
C:/ST/STM32CubeIDE_1.13.0/STM32CubeIDE/plugins/com.st.stm32cube.ide.mcu.externaltools.gnu-tools-for-stm32.11.3.rel1.win32_1.1.0.202305231506/tools/bin/../lib/gcc/arm-none-eabi/11.3.1/../../../../arm-none-eabi/lib/thumb/v7e-m+fp/hard\libc_nano.a(libc_a-reent.o)
                              C:/ST/STM32CubeIDE_1.13.0/STM32CubeIDE/plugins/com.st.stm32cube.ide.mcu.externaltools.gnu-tools-for-stm32.11.3.rel1.win32_1.1.0.202305231506/tools/bin/../lib/gcc/arm-none-eabi/11.3.1/../../../../arm-none-eabi/lib/thumb/v7e-m+fp/hard\libc_nano.a(libc_a-closer.o) (errno)
C:/ST/STM32CubeIDE_1.13.0/STM32CubeIDE/plugins/com.st.stm32cube.ide.mcu.externaltools.gnu-tools-for-stm32.11.3.rel1.win32_1.1.0.202305231506/tools/bin/../lib/gcc/arm-none-eabi/11.3.1/../../../../arm-none-eabi/lib/thumb/v7e-m+fp/hard\libc_nano.a(libc_a-impure.o)
[...]
Memory Configuration

Name             Origin             Length             Attributes
CCMRAM           0x0000000010000000 0x0000000000010000 xrw
RAM              0x0000000020000000 0x0000000000020000 xrw
FLASH            0x0000000008000000 0x0000000000080000 xr
*default*        0x0000000000000000 0xffffffffffffffff

Linker script and memory map

LOAD C:/ST/STM32CubeIDE_1.13.0/STM32CubeIDE/plugins/com.st.stm32cube.ide.mcu.externaltools.gnu-tools-for-stm32.11.3.rel1.win32_1.1.0.202305231506/tools/bin/../lib/gcc/arm-none-eabi/11.3.1/thumb/v7e-m+fp/hard/crti.o
LOAD C:/ST/STM32CubeIDE_1.13.0/STM32CubeIDE/plugins/com.st.stm32cube.ide.mcu.externaltools.gnu-tools-for-stm32.11.3.rel1.win32_1.1.0.202305231506/tools/bin/../lib/gcc/arm-none-eabi/11.3.1/thumb/v7e-m+fp/hard/crtbegin.o
LOAD C:/ST/STM32CubeIDE_1.13.0/STM32CubeIDE/plugins/com.st.stm32cube.ide.mcu.externaltools.gnu-tools-for-stm32.11.3.rel1.win32_1.1.0.202305231506/tools/bin/../lib/gcc/arm-none-eabi/11.3.1/../../../../arm-none-eabi/lib/thumb/v7e-m+fp/hard/crt0.o
LOAD ./Core/Src/gpio.o
LOAD ./Core/Src/main.o
LOAD ./Core/Src/spi.o
LOAD ./Core/Src/stm32f4xx_hal_msp.o
LOAD ./Core/Src/stm32f4xx_it.o
LOAD ./Core/Src/syscalls.o
LOAD ./Core/Src/sysmem.o
LOAD ./Core/Src/system_stm32f4xx.o
LOAD ./Core/Src/tim.o
LOAD ./Core/Startup/startup_stm32f407vetx.o
LOAD ./Drivers/STM32F4xx_HAL_Driver/Src/stm32f4xx_hal.o
LOAD ./Drivers/STM32F4xx_HAL_Driver/Src/stm32f4xx_hal_cortex.o
LOAD ./Drivers/STM32F4xx_HAL_Driver/Src/stm32f4xx_hal_dma.o
LOAD ./Drivers/STM32F4xx_HAL_Driver/Src/stm32f4xx_hal_dma_ex.o
LOAD ./Drivers/STM32F4xx_HAL_Driver/Src/stm32f4xx_hal_exti.o
LOAD ./Drivers/STM32F4xx_HAL_Driver/Src/stm32f4xx_hal_flash.o
LOAD ./Drivers/STM32F4xx_HAL_Driver/Src/stm32f4xx_hal_flash_ex.o
LOAD ./Drivers/STM32F4xx_HAL_Driver/Src/stm32f4xx_hal_flash_ramfunc.o
LOAD ./Drivers/STM32F4xx_HAL_Driver/Src/stm32f4xx_hal_gpio.o
LOAD ./Drivers/STM32F4xx_HAL_Driver/Src/stm32f4xx_hal_pwr.o
LOAD ./Drivers/STM32F4xx_HAL_Driver/Src/stm32f4xx_hal_pwr_ex.o
LOAD ./Drivers/STM32F4xx_HAL_Driver/Src/stm32f4xx_hal_rcc.o
LOAD ./Drivers/STM32F4xx_HAL_Driver/Src/stm32f4xx_hal_rcc_ex.o
LOAD ./Drivers/STM32F4xx_HAL_Driver/Src/stm32f4xx_hal_spi.o
LOAD ./Drivers/STM32F4xx_HAL_Driver/Src/stm32f4xx_hal_tim.o
LOAD ./Drivers/STM32F4xx_HAL_Driver/Src/stm32f4xx_hal_tim_ex.o
LOAD ./ThirdParty/mcp2518fd/drv_canfdspi_api.o
LOAD ./ThirdParty/mcp2518fd/drv_spi.o
START GROUP
LOAD C:/ST/STM32CubeIDE_1.13.0/STM32CubeIDE/plugins/com.st.stm32cube.ide.mcu.externaltools.gnu-tools-for-stm32.11.3.rel1.win32_1.1.0.202305231506/tools/bin/../lib/gcc/arm-none-eabi/11.3.1/../../../../arm-none-eabi/lib/thumb/v7e-m+fp/hard\libc_nano.a
LOAD C:/ST/STM32CubeIDE_1.13.0/STM32CubeIDE/plugins/com.st.stm32cube.ide.mcu.externaltools.gnu-tools-for-stm32.11.3.rel1.win32_1.1.0.202305231506/tools/bin/../lib/gcc/arm-none-eabi/11.3.1/../../../../arm-none-eabi/lib/thumb/v7e-m+fp/hard\libm.a
END GROUP
START GROUP
LOAD C:/ST/STM32CubeIDE_1.13.0/STM32CubeIDE/plugins/com.st.stm32cube.ide.mcu.externaltools.gnu-tools-for-stm32.11.3.rel1.win32_1.1.0.202305231506/tools/bin/../lib/gcc/arm-none-eabi/11.3.1/thumb/v7e-m+fp/hard\libgcc.a
LOAD C:/ST/STM32CubeIDE_1.13.0/STM32CubeIDE/plugins/com.st.stm32cube.ide.mcu.externaltools.gnu-tools-for-stm32.11.3.rel1.win32_1.1.0.202305231506/tools/bin/../lib/gcc/arm-none-eabi/11.3.1/../../../../arm-none-eabi/lib/thumb/v7e-m+fp/hard\libc_nano.a
END GROUP
START GROUP
LOAD C:/ST/STM32CubeIDE_1.13.0/STM32CubeIDE/plugins/com.st.stm32cube.ide.mcu.externaltools.gnu-tools-for-stm32.11.3.rel1.win32_1.1.0.202305231506/tools/bin/../lib/gcc/arm-none-eabi/11.3.1/thumb/v7e-m+fp/hard\libgcc.a
LOAD C:/ST/STM32CubeIDE_1.13.0/STM32CubeIDE/plugins/com.st.stm32cube.ide.mcu.externaltools.gnu-tools-for-stm32.11.3.rel1.win32_1.1.0.202305231506/tools/bin/../lib/gcc/arm-none-eabi/11.3.1/../../../../arm-none-eabi/lib/thumb/v7e-m+fp/hard\libc_nano.a
LOAD C:/ST/STM32CubeIDE_1.13.0/STM32CubeIDE/plugins/com.st.stm32cube.ide.mcu.externaltools.gnu-tools-for-stm32.11.3.rel1.win32_1.1.0.202305231506/tools/bin/../lib/gcc/arm-none-eabi/11.3.1/../../../../arm-none-eabi/lib/thumb/v7e-m+fp/hard\libnosys.a
END GROUP
START GROUP
LOAD C:/ST/STM32CubeIDE_1.13.0/STM32CubeIDE/plugins/com.st.stm32cube.ide.mcu.externaltools.gnu-tools-for-stm32.11.3.rel1.win32_1.1.0.202305231506/tools/bin/../lib/gcc/arm-none-eabi/11.3.1/thumb/v7e-m+fp/hard\libgcc.a
LOAD C:/ST/STM32CubeIDE_1.13.0/STM32CubeIDE/plugins/com.st.stm32cube.ide.mcu.externaltools.gnu-tools-for-stm32.11.3.rel1.win32_1.1.0.202305231506/tools/bin/../lib/gcc/arm-none-eabi/11.3.1/../../../../arm-none-eabi/lib/thumb/v7e-m+fp/hard\libc_nano.a
LOAD C:/ST/STM32CubeIDE_1.13.0/STM32CubeIDE/plugins/com.st.stm32cube.ide.mcu.externaltools.gnu-tools-for-stm32.11.3.rel1.win32_1.1.0.202305231506/tools/bin/../lib/gcc/arm-none-eabi/11.3.1/../../../../arm-none-eabi/lib/thumb/v7e-m+fp/hard\libnosys.a
END GROUP
LOAD C:/ST/STM32CubeIDE_1.13.0/STM32CubeIDE/plugins/com.st.stm32cube.ide.mcu.externaltools.gnu-tools-for-stm32.11.3.rel1.win32_1.1.0.202305231506/tools/bin/../lib/gcc/arm-none-eabi/11.3.1/thumb/v7e-m+fp/hard/crtend.o
LOAD C:/ST/STM32CubeIDE_1.13.0/STM32CubeIDE/plugins/com.st.stm32cube.ide.mcu.externaltools.gnu-tools-for-stm32.11.3.rel1.win32_1.1.0.202305231506/tools/bin/../lib/gcc/arm-none-eabi/11.3.1/thumb/v7e-m+fp/hard/crtn.o
                0x0000000020020000                _estack = (ORIGIN (RAM) + LENGTH (RAM))
                0x0000000000000200                _Min_Heap_Size = 0x200
                0x0000000000000400                _Min_Stack_Size = 0x400

.isr_vector     0x0000000008000000      0x188
                0x0000000008000000                . = ALIGN (0x4)
 *(.isr_vector)
 .isr_vector    0x0000000008000000      0x188 ./Core/Startup/startup_stm32f407vetx.o
                0x0000000008000000                g_pfnVectors
                0x0000000008000188                . = ALIGN (0x4)

.text           0x0000000008000188     0x4ed4
                0x0000000008000188                . = ALIGN (0x4)
 *(.text)
 .text          0x0000000008000188       0x40 C:/ST/STM32CubeIDE_1.13.0/STM32CubeIDE/plugins/com.st.stm32cube.ide.mcu.externaltools.gnu-tools-for-stm32.11.3.rel1.win32_1.1.0.202305231506/tools/bin/../lib/gcc/arm-none-eabi/11.3.1/thumb/v7e-m+fp/hard/crtbegin.o
 .text          0x00000000080001c8       0x30 C:/ST/STM32CubeIDE_1.13.0/STM32CubeIDE/plugins/com.st.stm32cube.ide.mcu.externaltools.gnu-tools-for-stm32.11.3.rel1.win32_1.1.0.202305231506/tools/bin/../lib/gcc/arm-none-eabi/11.3.1/thumb/v7e-m+fp/hard\libgcc.a(_aeabi_uldivmod.o)
                0x00000000080001c8                __aeabi_uldivmod
 .text          0x00000000080001f8      0x2c8 C:/ST/STM32CubeIDE_1.13.0/STM32CubeIDE/plugins/com.st.stm32cube.ide.mcu.externaltools.gnu-tools-for-stm32.11.3.rel1.win32_1.1.0.202305231506/tools/bin/../lib/gcc/arm-none-eabi/11.3.1/thumb/v7e-m+fp/hard\libgcc.a(_udivmoddi4.o)
                0x00000000080001f8                __udivmoddi4
 .text          0x00000000080004c0        0x4 C:/ST/STM32CubeIDE_1.13.0/STM32CubeIDE/plugins/com.st.stm32cube.ide.mcu.externaltools.gnu-tools-for-stm32.11.3.rel1.win32_1.1.0.202305231506/tools/bin/../lib/gcc/arm-none-eabi/11.3.1/thumb/v7e-m+fp/hard\libgcc.a(_dvmd_tls.o)
                0x00000000080004c0                __aeabi_idiv0
                0x00000000080004c0                __aeabi_ldiv0
 *(.text*)
 .text.MX_GPIO_Init
                0x00000000080004c4      0x144 ./Core/Src/gpio.o
                0x00000000080004c4                MX_GPIO_Init
 .text.main     0x0000000008000608       0xb8 ./Core/Src/main.o
                0x0000000008000608                main
 .text.SystemClock_Config
                0x00000000080006c0       0xd4 ./Core/Src/main.o
                0x00000000080006c0                SystemClock_Config
 .text.HAL_TIM_PeriodElapsedCallback
                0x0000000008000794       0x14 ./Core/Src/main.o
                0x0000000008000794                HAL_TIM_PeriodElapsedCallback
 .text.Error_Handler
                0x00000000080007a8        0xa ./Core/Src/main.o
                0x00000000080007a8                Error_Handler
 *fill*         0x00000000080007b2        0x2 
 .text.MX_SPI1_Init
                0x00000000080007b4       0x6c ./Core/Src/spi.o
                0x00000000080007b4                MX_SPI1_Init
 .text.MX_SPI2_Init
                0x0000000008000820       0x6c ./Core/Src/spi.o
                0x0000000008000820                MX_SPI2_Init
 .text.MX_SPI3_Init
                0x000000000800088c       0x64 ./Core/Src/spi.o
                0x000000000800088c                MX_SPI3_Init
 .text.HAL_SPI_MspInit
                0x00000000080008f0      0x204 ./Core/Src/spi.o
                0x00000000080008f0                HAL_SPI_MspInit
 .text.HAL_MspInit
                0x0000000008000af4       0x50 ./Core/Src/stm32f4xx_hal_msp.o
                0x0000000008000af4                HAL_MspInit
 .text.NMI_Handler
                0x0000000008000b44        0x6 ./Core/Src/stm32f4xx_it.o
                0x0000000008000b44                NMI_Handler
 .text.HardFault_Handler
                0x0000000008000b4a        0x6 ./Core/Src/stm32f4xx_it.o
                0x0000000008000b4a                HardFault_Handler
 .text.MemManage_Handler
                0x0000000008000b50        0x6 ./Core/Src/stm32f4xx_it.o
                0x0000000008000b50                MemManage_Handler
 .text.BusFault_Handler
                0x0000000008000b56        0x6 ./Core/Src/stm32f4xx_it.o
                0x0000000008000b56                BusFault_Handler
 .text.UsageFault_Handler
                0x0000000008000b5c        0x6 ./Core/Src/stm32f4xx_it.o
                0x0000000008000b5c                UsageFault_Handler
 .text.SVC_Handler
                0x0000000008000b62        0xe ./Core/Src/stm32f4xx_it.o
                0x0000000008000b62                SVC_Handler
 .text.DebugMon_Handler
                0x0000000008000b70        0xe ./Core/Src/stm32f4xx_it.o
                0x0000000008000b70                DebugMon_Handler
 .text.PendSV_Handler
                0x0000000008000b7e        0xe ./Core/Src/stm32f4xx_it.o
                0x0000000008000b7e                PendSV_Handler
 .text.SysTick_Handler
                0x0000000008000b8c        0xc ./Core/Src/stm32f4xx_it.o
                0x0000000008000b8c                SysTick_Handler
 .text.EXTI3_IRQHandler
                0x0000000008000b98        0xe ./Core/Src/stm32f4xx_it.o
                0x0000000008000b98                EXTI3_IRQHandler
 *fill*         0x0000000008000ba6        0x2 
 .text.EXTI4_IRQHandler
                0x0000000008000ba8       0x34 ./Core/Src/stm32f4xx_it.o
                0x0000000008000ba8                EXTI4_IRQHandler
 .text.EXTI9_5_IRQHandler
                0x0000000008000bdc       0x1c ./Core/Src/stm32f4xx_it.o
                0x0000000008000bdc                EXTI9_5_IRQHandler
 .text.SPI1_IRQHandler
                0x0000000008000bf8       0x20 ./Core/Src/stm32f4xx_it.o
                0x0000000008000bf8                SPI1_IRQHandler
 .text.TIM8_TRG_COM_TIM14_IRQHandler
                0x0000000008000c18       0x58 ./Core/Src/stm32f4xx_it.o
                0x0000000008000c18                TIM8_TRG_COM_TIM14_IRQHandler
 .text.SPI3_IRQHandler
                0x0000000008000c70       0x20 ./Core/Src/stm32f4xx_it.o
                0x0000000008000c70                SPI3_IRQHandler
 .text.SystemInit
                0x0000000008000c90       0x24 ./Core/Src/system_stm32f4xx.o
                0x0000000008000c90                SystemInit
 .text.MX_TIM7_Init
                0x0000000008000cb4       0x6c ./Core/Src/tim.o
                0x0000000008000cb4                MX_TIM7_Init
 .text.MX_TIM14_Init
                0x0000000008000d20       0x44 ./Core/Src/tim.o
                0x0000000008000d20                MX_TIM14_Init
 .text.HAL_TIM_Base_MspInit
                0x0000000008000d64       0x7c ./Core/Src/tim.o
                0x0000000008000d64                HAL_TIM_Base_MspInit
 .text.Reset_Handler
                0x0000000008000de0       0x50 ./Core/Startup/startup_stm32f407vetx.o
                0x0000000008000de0                Reset_Handler
 .text.Default_Handler
                0x0000000008000e30        0x2 ./Core/Startup/startup_stm32f407vetx.o
                0x0000000008000e30                RTC_Alarm_IRQHandler
                0x0000000008000e30                HASH_RNG_IRQHandler
                0x0000000008000e30                EXTI2_IRQHandler
                0x0000000008000e30                TIM8_CC_IRQHandler
                0x0000000008000e30                TIM1_CC_IRQHandler
                0x0000000008000e30                DMA2_Stream5_IRQHandler
                0x0000000008000e30                DMA1_Stream5_IRQHandler
                0x0000000008000e30                PVD_IRQHandler
                0x0000000008000e30                SDIO_IRQHandler
                0x0000000008000e30                TAMP_STAMP_IRQHandler
                0x0000000008000e30                CAN2_RX1_IRQHandler
                0x0000000008000e30                TIM1_UP_TIM10_IRQHandler
                0x0000000008000e30                TIM8_UP_TIM13_IRQHandler
                0x0000000008000e30                I2C3_ER_IRQHandler
                0x0000000008000e30                EXTI0_IRQHandler
                0x0000000008000e30                I2C2_EV_IRQHandler
                0x0000000008000e30                DMA1_Stream2_IRQHandler
                0x0000000008000e30                CAN1_RX0_IRQHandler
                0x0000000008000e30                FPU_IRQHandler
                0x0000000008000e30                OTG_HS_WKUP_IRQHandler
                0x0000000008000e30                CAN2_SCE_IRQHandler
                0x0000000008000e30                DMA2_Stream2_IRQHandler
                0x0000000008000e30                TIM6_DAC_IRQHandler
                0x0000000008000e30                TIM1_BRK_TIM9_IRQHandler
                0x0000000008000e30                DCMI_IRQHandler
                0x0000000008000e30                CAN2_RX0_IRQHandler
                0x0000000008000e30                DMA2_Stream3_IRQHandler
                0x0000000008000e30                USART6_IRQHandler
                0x0000000008000e30                USART3_IRQHandler
                0x0000000008000e30                CAN1_RX1_IRQHandler
                0x0000000008000e30                UART5_IRQHandler
                0x0000000008000e30                DMA2_Stream0_IRQHandler
                0x0000000008000e30                TIM4_IRQHandler
                0x0000000008000e30                I2C1_EV_IRQHandler
                0x0000000008000e30                DMA1_Stream6_IRQHandler
                0x0000000008000e30                DMA1_Stream1_IRQHandler
                0x0000000008000e30                UART4_IRQHandler
                0x0000000008000e30                TIM3_IRQHandler
                0x0000000008000e30                RCC_IRQHandler
                0x0000000008000e30                TIM8_BRK_TIM12_IRQHandler
                0x0000000008000e30                Default_Handler
                0x0000000008000e30                EXTI15_10_IRQHandler
                0x0000000008000e30                ADC_IRQHandler
                0x0000000008000e30                DMA1_Stream7_IRQHandler
                0x0000000008000e30                TIM7_IRQHandler
                0x0000000008000e30                CAN2_TX_IRQHandler
                0x0000000008000e30                TIM5_IRQHandler
                0x0000000008000e30                DMA2_Stream7_IRQHandler
                0x0000000008000e30                I2C3_EV_IRQHandler
                0x0000000008000e30                RTC_WKUP_IRQHandler
                0x0000000008000e30                ETH_WKUP_IRQHandler
                0x0000000008000e30                SPI2_IRQHandler
                0x0000000008000e30                OTG_HS_EP1_IN_IRQHandler
                0x0000000008000e30                DMA1_Stream0_IRQHandler
                0x0000000008000e30                CAN1_TX_IRQHandler
                0x0000000008000e30                FSMC_IRQHandler
                0x0000000008000e30                ETH_IRQHandler
                0x0000000008000e30                OTG_HS_EP1_OUT_IRQHandler
                0x0000000008000e30                WWDG_IRQHandler
                0x0000000008000e30                TIM2_IRQHandler
                0x0000000008000e30                OTG_FS_WKUP_IRQHandler
                0x0000000008000e30                TIM1_TRG_COM_TIM11_IRQHandler
                0x0000000008000e30                OTG_HS_IRQHandler
                0x0000000008000e30                EXTI1_IRQHandler
                0x0000000008000e30                USART2_IRQHandler
                0x0000000008000e30                I2C2_ER_IRQHandler
                0x0000000008000e30                DMA2_Stream1_IRQHandler
                0x0000000008000e30                CAN1_SCE_IRQHandler
                0x0000000008000e30                FLASH_IRQHandler
                0x0000000008000e30                DMA2_Stream4_IRQHandler
                0x0000000008000e30                USART1_IRQHandler
                0x0000000008000e30                OTG_FS_IRQHandler
                0x0000000008000e30                DMA1_Stream4_IRQHandler
                0x0000000008000e30                I2C1_ER_IRQHandler
                0x0000000008000e30                DMA2_Stream6_IRQHandler
                0x0000000008000e30                DMA1_Stream3_IRQHandler
 *fill*         0x0000000008000e32        0x2 
 .text.HAL_Init
                0x0000000008000e34       0x44 ./Drivers/STM32F4xx_HAL_Driver/Src/stm32f4xx_hal.o
                0x0000000008000e34                HAL_Init
 .text.HAL_InitTick
                0x0000000008000e78       0x60 ./Drivers/STM32F4xx_HAL_Driver/Src/stm32f4xx_hal.o
                0x0000000008000e78                HAL_InitTick
 .text.HAL_IncTick
                0x0000000008000ed8       0x28 ./Drivers/STM32F4xx_HAL_Driver/Src/stm32f4xx_hal.o
                0x0000000008000ed8                HAL_IncTick
 .text.HAL_GetTick
                0x0000000008000f00       0x18 ./Drivers/STM32F4xx_HAL_Driver/Src/stm32f4xx_hal.o
                0x0000000008000f00                HAL_GetTick
 .text.HAL_Delay
                0x0000000008000f18       0x48 ./Drivers/STM32F4xx_HAL_Driver/Src/stm32f4xx_hal.o
                0x0000000008000f18                HAL_Delay
 .text.__NVIC_SetPriorityGrouping
                0x0000000008000f60       0x48 ./Drivers/STM32F4xx_HAL_Driver/Src/stm32f4xx_hal_cortex.o
 .text.__NVIC_GetPriorityGrouping
                0x0000000008000fa8       0x1c ./Drivers/STM32F4xx_HAL_Driver/Src/stm32f4xx_hal_cortex.o
 .text.__NVIC_EnableIRQ
                0x0000000008000fc4       0x3c ./Drivers/STM32F4xx_HAL_Driver/Src/stm32f4xx_hal_cortex.o
 .text.__NVIC_SetPriority
                0x0000000008001000       0x54 ./Drivers/STM32F4xx_HAL_Driver/Src/stm32f4xx_hal_cortex.o
 .text.NVIC_EncodePriority
                0x0000000008001054       0x66 ./Drivers/STM32F4xx_HAL_Driver/Src/stm32f4xx_hal_cortex.o
 *fill*         0x00000000080010ba        0x2 
 .text.SysTick_Config
                0x00000000080010bc       0x44 ./Drivers/STM32F4xx_HAL_Driver/Src/stm32f4xx_hal_cortex.o
 .text.HAL_NVIC_SetPriorityGrouping
                0x0000000008001100       0x16 ./Drivers/STM32F4xx_HAL_Driver/Src/stm32f4xx_hal_cortex.o
                0x0000000008001100                HAL_NVIC_SetPriorityGrouping
 .text.HAL_NVIC_SetPriority
                0x0000000008001116       0x38 ./Drivers/STM32F4xx_HAL_Driver/Src/stm32f4xx_hal_cortex.o
                0x0000000008001116                HAL_NVIC_SetPriority
 .text.HAL_NVIC_EnableIRQ
                0x000000000800114e       0x1c ./Drivers/STM32F4xx_HAL_Driver/Src/stm32f4xx_hal_cortex.o
                0x000000000800114e                HAL_NVIC_EnableIRQ
 .text.HAL_SYSTICK_Config
                0x000000000800116a       0x18 ./Drivers/STM32F4xx_HAL_Driver/Src/stm32f4xx_hal_cortex.o
                0x000000000800116a                HAL_SYSTICK_Config
 .text.HAL_DMA_Abort_IT
                0x0000000008001182       0x44 ./Drivers/STM32F4xx_HAL_Driver/Src/stm32f4xx_hal_dma.o
                0x0000000008001182                HAL_DMA_Abort_IT
 *fill*         0x00000000080011c6        0x2 
 .text.HAL_GPIO_Init
                0x00000000080011c8      0x338 ./Drivers/STM32F4xx_HAL_Driver/Src/stm32f4xx_hal_gpio.o
                0x00000000080011c8                HAL_GPIO_Init
 .text.HAL_GPIO_WritePin
                0x0000000008001500       0x32 ./Drivers/STM32F4xx_HAL_Driver/Src/stm32f4xx_hal_gpio.o
                0x0000000008001500                HAL_GPIO_WritePin
 .text.HAL_GPIO_TogglePin
                0x0000000008001532       0x34 ./Drivers/STM32F4xx_HAL_Driver/Src/stm32f4xx_hal_gpio.o
                0x0000000008001532                HAL_GPIO_TogglePin
 *fill*         0x0000000008001566        0x2 
 .text.HAL_GPIO_EXTI_IRQHandler
                0x0000000008001568       0x30 ./Drivers/STM32F4xx_HAL_Driver/Src/stm32f4xx_hal_gpio.o
                0x0000000008001568                HAL_GPIO_EXTI_IRQHandler
 .text.HAL_GPIO_EXTI_Callback
                0x0000000008001598       0x16 ./Drivers/STM32F4xx_HAL_Driver/Src/stm32f4xx_hal_gpio.o
                0x0000000008001598                HAL_GPIO_EXTI_Callback
 *fill*         0x00000000080015ae        0x2 
 .text.HAL_RCC_OscConfig
                0x00000000080015b0      0x4f0 ./Drivers/STM32F4xx_HAL_Driver/Src/stm32f4xx_hal_rcc.o
                0x00000000080015b0                HAL_RCC_OscConfig
 .text.HAL_RCC_ClockConfig
                0x0000000008001aa0      0x1cc ./Drivers/STM32F4xx_HAL_Driver/Src/stm32f4xx_hal_rcc.o
                0x0000000008001aa0                HAL_RCC_ClockConfig
 .text.HAL_RCC_GetSysClockFreq
                0x0000000008001c6c      0x18c ./Drivers/STM32F4xx_HAL_Driver/Src/stm32f4xx_hal_rcc.o
                0x0000000008001c6c                HAL_RCC_GetSysClockFreq
 .text.HAL_SPI_Init
                0x0000000008001df8      0x112 ./Drivers/STM32F4xx_HAL_Driver/Src/stm32f4xx_hal_spi.o
                0x0000000008001df8                HAL_SPI_Init
 .text.HAL_SPI_Transmit
                0x0000000008001f0a      0x278 ./Drivers/STM32F4xx_HAL_Driver/Src/stm32f4xx_hal_spi.o
                0x0000000008001f0a                HAL_SPI_Transmit
 .text.HAL_SPI_TransmitReceive
                0x0000000008002182      0x344 ./Drivers/STM32F4xx_HAL_Driver/Src/stm32f4xx_hal_spi.o
                0x0000000008002182                HAL_SPI_TransmitReceive
 *fill*         0x00000000080024c6        0x2 
 .text.HAL_SPI_Receive_IT
                0x00000000080024c8      0x13c ./Drivers/STM32F4xx_HAL_Driver/Src/stm32f4xx_hal_spi.o
                0x00000000080024c8                HAL_SPI_Receive_IT
 .text.HAL_SPI_TransmitReceive_IT
                0x0000000008002604      0x128 ./Drivers/STM32F4xx_HAL_Driver/Src/stm32f4xx_hal_spi.o
                0x0000000008002604                HAL_SPI_TransmitReceive_IT
 .text.HAL_SPI_IRQHandler
                0x000000000800272c      0x1e8 ./Drivers/STM32F4xx_HAL_Driver/Src/stm32f4xx_hal_spi.o
                0x000000000800272c                HAL_SPI_IRQHandler
 .text.HAL_SPI_RxCpltCallback
                0x0000000008002914       0x14 ./Drivers/STM32F4xx_HAL_Driver/Src/stm32f4xx_hal_spi.o
                0x0000000008002914                HAL_SPI_RxCpltCallback
 .text.HAL_SPI_TxRxCpltCallback
                0x0000000008002928       0x14 ./Drivers/STM32F4xx_HAL_Driver/Src/stm32f4xx_hal_spi.o
                0x0000000008002928                HAL_SPI_TxRxCpltCallback
 .text.HAL_SPI_ErrorCallback
                0x000000000800293c       0x14 ./Drivers/STM32F4xx_HAL_Driver/Src/stm32f4xx_hal_spi.o
                0x000000000800293c                HAL_SPI_ErrorCallback
 .text.SPI_DMAAbortOnError
                0x0000000008002950       0x28 ./Drivers/STM32F4xx_HAL_Driver/Src/stm32f4xx_hal_spi.o
 .text.SPI_2linesRxISR_8BIT
                0x0000000008002978       0x64 ./Drivers/STM32F4xx_HAL_Driver/Src/stm32f4xx_hal_spi.o
 .text.SPI_2linesTxISR_8BIT
                0x00000000080029dc       0x60 ./Drivers/STM32F4xx_HAL_Driver/Src/stm32f4xx_hal_spi.o
 .text.SPI_2linesRxISR_16BIT
                0x0000000008002a3c       0x60 ./Drivers/STM32F4xx_HAL_Driver/Src/stm32f4xx_hal_spi.o
 .text.SPI_2linesTxISR_16BIT
                0x0000000008002a9c       0x5e ./Drivers/STM32F4xx_HAL_Driver/Src/stm32f4xx_hal_spi.o
 .text.SPI_RxISR_8BIT
                0x0000000008002afa       0x4a ./Drivers/STM32F4xx_HAL_Driver/Src/stm32f4xx_hal_spi.o
 .text.SPI_RxISR_16BIT
                0x0000000008002b44       0x46 ./Drivers/STM32F4xx_HAL_Driver/Src/stm32f4xx_hal_spi.o
 *fill*         0x0000000008002b8a        0x2 
 .text.SPI_WaitFlagStateUntilTimeout
                0x0000000008002b8c      0x110 ./Drivers/STM32F4xx_HAL_Driver/Src/stm32f4xx_hal_spi.o
 .text.SPI_EndRxTransaction
                0x0000000008002c9c       0xca ./Drivers/STM32F4xx_HAL_Driver/Src/stm32f4xx_hal_spi.o
 *fill*         0x0000000008002d66        0x2 
 .text.SPI_EndRxTxTransaction
                0x0000000008002d68       0x84 ./Drivers/STM32F4xx_HAL_Driver/Src/stm32f4xx_hal_spi.o
 .text.SPI_CloseRxTx_ISR
                0x0000000008002dec       0xe8 ./Drivers/STM32F4xx_HAL_Driver/Src/stm32f4xx_hal_spi.o
 .text.SPI_CloseRx_ISR
                0x0000000008002ed4       0x7e ./Drivers/STM32F4xx_HAL_Driver/Src/stm32f4xx_hal_spi.o
 .text.HAL_TIM_Base_Init
                0x0000000008002f52       0x9e ./Drivers/STM32F4xx_HAL_Driver/Src/stm32f4xx_hal_tim.o
                0x0000000008002f52                HAL_TIM_Base_Init
 .text.HAL_TIM_Base_Start_IT
                0x0000000008002ff0       0xe0 ./Drivers/STM32F4xx_HAL_Driver/Src/stm32f4xx_hal_tim.o
                0x0000000008002ff0                HAL_TIM_Base_Start_IT
 .text.HAL_TIM_IRQHandler
                0x00000000080030d0      0x210 ./Drivers/STM32F4xx_HAL_Driver/Src/stm32f4xx_hal_tim.o
                0x00000000080030d0                HAL_TIM_IRQHandler
 .text.HAL_TIM_OC_DelayElapsedCallback
                0x00000000080032e0       0x14 ./Drivers/STM32F4xx_HAL_Driver/Src/stm32f4xx_hal_tim.o
                0x00000000080032e0                HAL_TIM_OC_DelayElapsedCallback
 .text.HAL_TIM_IC_CaptureCallback
                0x00000000080032f4       0x14 ./Drivers/STM32F4xx_HAL_Driver/Src/stm32f4xx_hal_tim.o
                0x00000000080032f4                HAL_TIM_IC_CaptureCallback
 .text.HAL_TIM_PWM_PulseFinishedCallback
                0x0000000008003308       0x14 ./Drivers/STM32F4xx_HAL_Driver/Src/stm32f4xx_hal_tim.o
                0x0000000008003308                HAL_TIM_PWM_PulseFinishedCallback
 .text.HAL_TIM_TriggerCallback
                0x000000000800331c       0x14 ./Drivers/STM32F4xx_HAL_Driver/Src/stm32f4xx_hal_tim.o
                0x000000000800331c                HAL_TIM_TriggerCallback
 .text.TIM_Base_SetConfig
                0x0000000008003330      0x140 ./Drivers/STM32F4xx_HAL_Driver/Src/stm32f4xx_hal_tim.o
                0x0000000008003330                TIM_Base_SetConfig
 .text.HAL_TIMEx_MasterConfigSynchronization
                0x0000000008003470       0xf8 ./Drivers/STM32F4xx_HAL_Driver/Src/stm32f4xx_hal_tim_ex.o
                0x0000000008003470                HAL_TIMEx_MasterConfigSynchronization
 .text.HAL_TIMEx_CommutCallback
                0x0000000008003568       0x14 ./Drivers/STM32F4xx_HAL_Driver/Src/stm32f4xx_hal_tim_ex.o
                0x0000000008003568                HAL_TIMEx_CommutCallback
 .text.HAL_TIMEx_BreakCallback
                0x000000000800357c       0x14 ./Drivers/STM32F4xx_HAL_Driver/Src/stm32f4xx_hal_tim_ex.o
                0x000000000800357c                HAL_TIMEx_BreakCallback
 .text.DRV_CANFDSPI_Reset
                0x0000000008003590       0x44 ./ThirdParty/mcp2518fd/drv_canfdspi_api.o
                0x0000000008003590                DRV_CANFDSPI_Reset
 .text.DRV_CANFDSPI_ReadByte
                0x00000000080035d4       0x68 ./ThirdParty/mcp2518fd/drv_canfdspi_api.o
                0x00000000080035d4                DRV_CANFDSPI_ReadByte
 .text.DRV_CANFDSPI_WriteByte
                0x000000000800363c       0x64 ./ThirdParty/mcp2518fd/drv_canfdspi_api.o
                0x000000000800363c                DRV_CANFDSPI_WriteByte
 .text.DRV_CANFDSPI_WriteWord
                0x00000000080036a0       0x80 ./ThirdParty/mcp2518fd/drv_canfdspi_api.o
                0x00000000080036a0                DRV_CANFDSPI_WriteWord
 .text.DRV_CANFDSPI_WriteByteArray
                0x0000000008003720       0x88 ./ThirdParty/mcp2518fd/drv_canfdspi_api.o
                0x0000000008003720                DRV_CANFDSPI_WriteByteArray
 .text.DRV_CANFDSPI_Configure
                0x00000000080037a8      0x11c ./ThirdParty/mcp2518fd/drv_canfdspi_api.o
                0x00000000080037a8                DRV_CANFDSPI_Configure
 .text.DRV_CANFDSPI_ConfigureObjectReset
                0x00000000080038c4       0xf8 ./ThirdParty/mcp2518fd/drv_canfdspi_api.o
                0x00000000080038c4                DRV_CANFDSPI_ConfigureObjectReset
 .text.DRV_CANFDSPI_OperationModeSelect
                0x00000000080039bc       0x76 ./ThirdParty/mcp2518fd/drv_canfdspi_api.o
                0x00000000080039bc                DRV_CANFDSPI_OperationModeSelect
 *fill*         0x0000000008003a32        0x2 
 .text.DRV_CANFDSPI_TransmitChannelConfigure
                0x0000000008003a34       0xb4 ./ThirdParty/mcp2518fd/drv_canfdspi_api.o
                0x0000000008003a34                DRV_CANFDSPI_TransmitChannelConfigure
 .text.DRV_CANFDSPI_TransmitChannelConfigureObjectReset
                0x0000000008003ae8       0x7c ./ThirdParty/mcp2518fd/drv_canfdspi_api.o
                0x0000000008003ae8                DRV_CANFDSPI_TransmitChannelConfigureObjectReset
 .text.DRV_CANFDSPI_TransmitQueueConfigure
                0x0000000008003b64       0x90 ./ThirdParty/mcp2518fd/drv_canfdspi_api.o
                0x0000000008003b64                DRV_CANFDSPI_TransmitQueueConfigure
 .text.DRV_CANFDSPI_TransmitQueueConfigureObjectReset
                0x0000000008003bf4       0x68 ./ThirdParty/mcp2518fd/drv_canfdspi_api.o
                0x0000000008003bf4                DRV_CANFDSPI_TransmitQueueConfigureObjectReset
 .text.DRV_CANFDSPI_ReceiveChannelConfigure
                0x0000000008003c5c       0x9c ./ThirdParty/mcp2518fd/drv_canfdspi_api.o
                0x0000000008003c5c                DRV_CANFDSPI_ReceiveChannelConfigure
 .text.DRV_CANFDSPI_TefConfigure
                0x0000000008003cf8       0x5c ./ThirdParty/mcp2518fd/drv_canfdspi_api.o
                0x0000000008003cf8                DRV_CANFDSPI_TefConfigure
 .text.DRV_CANFDSPI_EccEnable
                0x0000000008003d54       0x68 ./ThirdParty/mcp2518fd/drv_canfdspi_api.o
                0x0000000008003d54                DRV_CANFDSPI_EccEnable
 .text.DRV_CANFDSPI_RamInit
                0x0000000008003dbc       0x88 ./ThirdParty/mcp2518fd/drv_canfdspi_api.o
                0x0000000008003dbc                DRV_CANFDSPI_RamInit
 .text.DRV_CANFDSPI_OscillatorControlSet
                0x0000000008003e44       0x72 ./ThirdParty/mcp2518fd/drv_canfdspi_api.o
                0x0000000008003e44                DRV_CANFDSPI_OscillatorControlSet
 *fill*         0x0000000008003eb6        0x2 
 .text.DRV_CANFDSPI_OscillatorControlObjectReset
                0x0000000008003eb8       0x68 ./ThirdParty/mcp2518fd/drv_canfdspi_api.o
                0x0000000008003eb8                DRV_CANFDSPI_OscillatorControlObjectReset
 .text.DRV_CANFDSPI_BitTimeConfigure
                0x0000000008003f20       0xd8 ./ThirdParty/mcp2518fd/drv_canfdspi_api.o
                0x0000000008003f20                DRV_CANFDSPI_BitTimeConfigure
 .text.DRV_CANFDSPI_BitTimeConfigureNominal40MHz
                0x0000000008003ff8      0x110 ./ThirdParty/mcp2518fd/drv_canfdspi_api.o
                0x0000000008003ff8                DRV_CANFDSPI_BitTimeConfigureNominal40MHz
 .text.DRV_CANFDSPI_BitTimeConfigureData40MHz
                0x0000000008004108      0x470 ./ThirdParty/mcp2518fd/drv_canfdspi_api.o
                0x0000000008004108                DRV_CANFDSPI_BitTimeConfigureData40MHz
 .text.DRV_CANFDSPI_BitTimeConfigureNominal20MHz
                0x0000000008004578      0x11c ./ThirdParty/mcp2518fd/drv_canfdspi_api.o
                0x0000000008004578                DRV_CANFDSPI_BitTimeConfigureNominal20MHz
 .text.DRV_CANFDSPI_BitTimeConfigureData20MHz
                0x0000000008004694      0x354 ./ThirdParty/mcp2518fd/drv_canfdspi_api.o
                0x0000000008004694                DRV_CANFDSPI_BitTimeConfigureData20MHz
 .text.DRV_CANFDSPI_BitTimeConfigureNominal10MHz
                0x00000000080049e8      0x11c ./ThirdParty/mcp2518fd/drv_canfdspi_api.o
                0x00000000080049e8                DRV_CANFDSPI_BitTimeConfigureNominal10MHz
 .text.DRV_CANFDSPI_BitTimeConfigureData10MHz
                0x0000000008004b04      0x264 ./ThirdParty/mcp2518fd/drv_canfdspi_api.o
                0x0000000008004b04                DRV_CANFDSPI_BitTimeConfigureData10MHz
 .text.DRV_CANFDSPI_GpioModeConfigure
                0x0000000008004d68       0x90 ./ThirdParty/mcp2518fd/drv_canfdspi_api.o
                0x0000000008004d68                DRV_CANFDSPI_GpioModeConfigure
 .text.DRV_SPI_Initialize
                0x0000000008004df8      0x12e ./ThirdParty/mcp2518fd/drv_spi.o
                0x0000000008004df8                DRV_SPI_Initialize
 *fill*         0x0000000008004f26        0x2 
 .text.DRV_SPI_ChipSelectAssert
                0x0000000008004f28       0x54 ./ThirdParty/mcp2518fd/drv_spi.o
                0x0000000008004f28                DRV_SPI_ChipSelectAssert
 .text.DRV_SPI_TransferData
                0x0000000008004f7c       0x70 ./ThirdParty/mcp2518fd/drv_spi.o
                0x0000000008004f7c                DRV_SPI_TransferData
 .text.memset   0x0000000008004fec       0x10 C:/ST/STM32CubeIDE_1.13.0/STM32CubeIDE/plugins/com.st.stm32cube.ide.mcu.externaltools.gnu-tools-for-stm32.11.3.rel1.win32_1.1.0.202305231506/tools/bin/../lib/gcc/arm-none-eabi/11.3.1/../../../../arm-none-eabi/lib/thumb/v7e-m+fp/hard\libc_nano.a(libc_a-memset.o)
                0x0000000008004fec                memset
 .text.__libc_init_array
                0x0000000008004ffc       0x48 C:/ST/STM32CubeIDE_1.13.0/STM32CubeIDE/plugins/com.st.stm32cube.ide.mcu.externaltools.gnu-tools-for-stm32.11.3.rel1.win32_1.1.0.202305231506/tools/bin/../lib/gcc/arm-none-eabi/11.3.1/../../../../arm-none-eabi/lib/thumb/v7e-m+fp/hard\libc_nano.a(libc_a-init.o)
                0x0000000008004ffc                __libc_init_array
 *(.glue_7)
 .glue_7        0x0000000008005044        0x0 linker stubs
 *(.glue_7t)
 .glue_7t       0x0000000008005044        0x0 linker stubs
 *(.eh_frame)
 .eh_frame      0x0000000008005044        0x0 C:/ST/STM32CubeIDE_1.13.0/STM32CubeIDE/plugins/com.st.stm32cube.ide.mcu.externaltools.gnu-tools-for-stm32.11.3.rel1.win32_1.1.0.202305231506/tools/bin/../lib/gcc/arm-none-eabi/11.3.1/thumb/v7e-m+fp/hard/crtbegin.o
 *(.init)
 .init          0x0000000008005044        0x4 C:/ST/STM32CubeIDE_1.13.0/STM32CubeIDE/plugins/com.st.stm32cube.ide.mcu.externaltools.gnu-tools-for-stm32.11.3.rel1.win32_1.1.0.202305231506/tools/bin/../lib/gcc/arm-none-eabi/11.3.1/thumb/v7e-m+fp/hard/crti.o
                0x0000000008005044                _init
 .init          0x0000000008005048        0x8 C:/ST/STM32CubeIDE_1.13.0/STM32CubeIDE/plugins/com.st.stm32cube.ide.mcu.externaltools.gnu-tools-for-stm32.11.3.rel1.win32_1.1.0.202305231506/tools/bin/../lib/gcc/arm-none-eabi/11.3.1/thumb/v7e-m+fp/hard/crtn.o
 *(.fini)
 .fini          0x0000000008005050        0x4 C:/ST/STM32CubeIDE_1.13.0/STM32CubeIDE/plugins/com.st.stm32cube.ide.mcu.externaltools.gnu-tools-for-stm32.11.3.rel1.win32_1.1.0.202305231506/tools/bin/../lib/gcc/arm-none-eabi/11.3.1/thumb/v7e-m+fp/hard/crti.o
                0x0000000008005050                _fini
 .fini          0x0000000008005054        0x8 C:/ST/STM32CubeIDE_1.13.0/STM32CubeIDE/plugins/com.st.stm32cube.ide.mcu.externaltools.gnu-tools-for-stm32.11.3.rel1.win32_1.1.0.202305231506/tools/bin/../lib/gcc/arm-none-eabi/11.3.1/thumb/v7e-m+fp/hard/crtn.o
                0x000000000800505c                . = ALIGN (0x4)
                0x000000000800505c                _etext = .

.vfp11_veneer   0x000000000800505c        0x0
 .vfp11_veneer  0x000000000800505c        0x0 linker stubs

.v4_bx          0x000000000800505c        0x0
 .v4_bx         0x000000000800505c        0x0 linker stubs

.iplt           0x000000000800505c        0x0
 .iplt          0x000000000800505c        0x0 C:/ST/STM32CubeIDE_1.13.0/STM32CubeIDE/plugins/com.st.stm32cube.ide.mcu.externaltools.gnu-tools-for-stm32.11.3.rel1.win32_1.1.0.202305231506/tools/bin/../lib/gcc/arm-none-eabi/11.3.1/thumb/v7e-m+fp/hard/crtbegin.o

.rodata         0x000000000800505c       0x10
                0x000000000800505c                . = ALIGN (0x4)
 *(.rodata)
 *(.rodata*)
 .rodata.AHBPrescTable
                0x000000000800505c       0x10 ./Core/Src/system_stm32f4xx.o
                0x000000000800505c                AHBPrescTable
                0x000000000800506c                . = ALIGN (0x4)

.ARM.extab      0x000000000800506c        0x0
                0x000000000800506c                . = ALIGN (0x4)
 *(.ARM.extab* .gnu.linkonce.armextab.*)
                0x000000000800506c                . = ALIGN (0x4)

.ARM            0x000000000800506c        0x8
                0x000000000800506c                . = ALIGN (0x4)
                0x000000000800506c                __exidx_start = .
 *(.ARM.exidx*)
 .ARM.exidx     0x000000000800506c        0x8 C:/ST/STM32CubeIDE_1.13.0/STM32CubeIDE/plugins/com.st.stm32cube.ide.mcu.externaltools.gnu-tools-for-stm32.11.3.rel1.win32_1.1.0.202305231506/tools/bin/../lib/gcc/arm-none-eabi/11.3.1/thumb/v7e-m+fp/hard\libgcc.a(_udivmoddi4.o)
                0x0000000008005074                __exidx_end = .
                0x0000000008005074                . = ALIGN (0x4)

.rel.dyn        0x0000000008005074        0x0
 .rel.iplt      0x0000000008005074        0x0 C:/ST/STM32CubeIDE_1.13.0/STM32CubeIDE/plugins/com.st.stm32cube.ide.mcu.externaltools.gnu-tools-for-stm32.11.3.rel1.win32_1.1.0.202305231506/tools/bin/../lib/gcc/arm-none-eabi/11.3.1/thumb/v7e-m+fp/hard/crtbegin.o

.preinit_array  0x0000000008005074        0x0
                0x0000000008005074                . = ALIGN (0x4)
                0x0000000008005074                PROVIDE (__preinit_array_start = .)
 *(.preinit_array*)
                0x0000000008005074                PROVIDE (__preinit_array_end = .)
                0x0000000008005074                . = ALIGN (0x4)

.init_array     0x0000000008005074        0x4
                0x0000000008005074                . = ALIGN (0x4)
                0x0000000008005074                PROVIDE (__init_array_start = .)
 *(SORT_BY_NAME(.init_array.*))
 *(.init_array*)
 .init_array    0x0000000008005074        0x4 C:/ST/STM32CubeIDE_1.13.0/STM32CubeIDE/plugins/com.st.stm32cube.ide.mcu.externaltools.gnu-tools-for-stm32.11.3.rel1.win32_1.1.0.202305231506/tools/bin/../lib/gcc/arm-none-eabi/11.3.1/thumb/v7e-m+fp/hard/crtbegin.o
                0x0000000008005078                PROVIDE (__init_array_end = .)
                0x0000000008005078                . = ALIGN (0x4)

.fini_array     0x0000000008005078        0x4
                0x0000000008005078                . = ALIGN (0x4)
                [!provide]                        PROVIDE (__fini_array_start = .)
 *(SORT_BY_NAME(.fini_array.*))
 *(.fini_array*)
 .fini_array    0x0000000008005078        0x4 C:/ST/STM32CubeIDE_1.13.0/STM32CubeIDE/plugins/com.st.stm32cube.ide.mcu.externaltools.gnu-tools-for-stm32.11.3.rel1.win32_1.1.0.202305231506/tools/bin/../lib/gcc/arm-none-eabi/11.3.1/thumb/v7e-m+fp/hard/crtbegin.o
                [!provide]                        PROVIDE (__fini_array_end = .)
                0x000000000800507c                . = ALIGN (0x4)
                0x000000000800507c                _sidata = LOADADDR (.data)

.data           0x0000000020000000       0x7c load address 0x000000000800507c
                0x0000000020000000                . = ALIGN (0x4)
                0x0000000020000000                _sdata = .
 *(.data)
 *(.data*)
 .data.TX_Buffer
                0x0000000020000000        0xa ./Core/Src/main.o
                0x0000000020000000                TX_Buffer
 *fill*         0x000000002000000a        0x2 
 .data.SystemCoreClock
                0x000000002000000c        0x4 ./Core/Src/system_stm32f4xx.o
                0x000000002000000c                SystemCoreClock
 .data.uwTickPrio
                0x0000000020000010        0x4 ./Drivers/STM32F4xx_HAL_Driver/Src/stm32f4xx_hal.o
                0x0000000020000010                uwTickPrio
 .data.uwTickFreq
                0x0000000020000014        0x1 ./Drivers/STM32F4xx_HAL_Driver/Src/stm32f4xx_hal.o
                0x0000000020000014                uwTickFreq
 *fill*         0x0000000020000015        0x3 
 .data.canControlResetValues
                0x0000000020000018       0x50 ./ThirdParty/mcp2518fd/drv_canfdspi_api.o
 .data.mcp2517ControlResetValues
                0x0000000020000068       0x14 ./ThirdParty/mcp2518fd/drv_canfdspi_api.o
 *(.RamFunc)
 *(.RamFunc*)
                0x000000002000007c                . = ALIGN (0x4)
                0x000000002000007c                _edata = .
                0x00000000080050f8                _siccmram = LOADADDR (.ccmram)

.igot.plt       0x000000002000007c        0x0 load address 0x00000000080050f8
 .igot.plt      0x000000002000007c        0x0 C:/ST/STM32CubeIDE_1.13.0/STM32CubeIDE/plugins/com.st.stm32cube.ide.mcu.externaltools.gnu-tools-for-stm32.11.3.rel1.win32_1.1.0.202305231506/tools/bin/../lib/gcc/arm-none-eabi/11.3.1/thumb/v7e-m+fp/hard/crtbegin.o

.ccmram         0x0000000010000000        0x0 load address 0x00000000080050f8
                0x0000000010000000                . = ALIGN (0x4)
                0x0000000010000000                _sccmram = .
 *(.ccmram)
 *(.ccmram*)
                0x0000000010000000                . = ALIGN (0x4)
                0x0000000010000000                _eccmram = .
                0x0000000010000000                . = ALIGN (0x4)

.bss            0x0000000020000080      0x29c
                0x0000000020000080                _sbss = .
                0x0000000020000080                __bss_start__ = _sbss
 *(.bss)
 .bss           0x0000000020000080       0x1c C:/ST/STM32CubeIDE_1.13.0/STM32CubeIDE/plugins/com.st.stm32cube.ide.mcu.externaltools.gnu-tools-for-stm32.11.3.rel1.win32_1.1.0.202305231506/tools/bin/../lib/gcc/arm-none-eabi/11.3.1/thumb/v7e-m+fp/hard/crtbegin.o
 *(.bss*)
 .bss.RX_Buffer
                0x000000002000009c        0xa ./Core/Src/main.o
                0x000000002000009c                RX_Buffer
 .bss.flag_send_frame
                0x00000000200000a6        0x1 ./Core/Src/main.o
                0x00000000200000a6                flag_send_frame
 *fill*         0x00000000200000a7        0x1 
 .bss.hspi1     0x00000000200000a8       0x58 ./Core/Src/spi.o
                0x00000000200000a8                hspi1
 .bss.hspi2     0x0000000020000100       0x58 ./Core/Src/spi.o
                0x0000000020000100                hspi2
 .bss.hspi3     0x0000000020000158       0x58 ./Core/Src/spi.o
                0x0000000020000158                hspi3
 .bss.counter_timer
                0x00000000200001b0        0x8 ./Core/Src/stm32f4xx_it.o
                0x00000000200001b0                counter_timer
 .bss.counter_btn
                0x00000000200001b8        0x4 ./Core/Src/stm32f4xx_it.o
                0x00000000200001b8                counter_btn
 .bss.ext5_cnt  0x00000000200001bc        0x4 ./Core/Src/stm32f4xx_it.o
                0x00000000200001bc                ext5_cnt
 .bss.htim7     0x00000000200001c0       0x48 ./Core/Src/tim.o
                0x00000000200001c0                htim7
 .bss.htim14    0x0000000020000208       0x48 ./Core/Src/tim.o
                0x0000000020000208                htim14
 .bss.uwTick    0x0000000020000250        0x4 ./Drivers/STM32F4xx_HAL_Driver/Src/stm32f4xx_hal.o
                0x0000000020000250                uwTick
 .bss.spiTransmitBuffer
                0x0000000020000254       0x64 ./ThirdParty/mcp2518fd/drv_canfdspi_api.o
                0x0000000020000254                spiTransmitBuffer
 .bss.spiReceiveBuffer
                0x00000000200002b8       0x64 ./ThirdParty/mcp2518fd/drv_canfdspi_api.o
                0x00000000200002b8                spiReceiveBuffer
 *(COMMON)
                0x000000002000031c                . = ALIGN (0x4)
                0x000000002000031c                _ebss = .
                0x000000002000031c                __bss_end__ = _ebss

._user_heap_stack
                0x000000002000031c      0x604
                0x0000000020000320                . = ALIGN (0x8)
 *fill*         0x000000002000031c        0x4 
                [!provide]                        PROVIDE (end = .)
                0x0000000020000320                PROVIDE (_end = .)
                0x0000000020000520                . = (. + _Min_Heap_Size)
 *fill*         0x0000000020000320      0x200 
                0x0000000020000920                . = (. + _Min_Stack_Size)
 *fill*         0x0000000020000520      0x400 
                0x0000000020000920                . = ALIGN (0x8)

/DISCARD/
 libc.a(*)
 libm.a(*)
 libgcc.a(*)

.ARM.attributes
                0x0000000000000000       0x30
 *(.ARM.attributes)
 .ARM.attributes
                0x0000000000000000       0x1e C:/ST/STM32CubeIDE_1.13.0/STM32CubeIDE/plugins/com.st.stm32cube.ide.mcu.externaltools.gnu-tools-for-stm32.11.3.rel1.win32_1.1.0.202305231506/tools/bin/../lib/gcc/arm-none-eabi/11.3.1/thumb/v7e-m+fp/hard/crti.o
 .ARM.attributes
                0x000000000000001e       0x34 C:/ST/STM32CubeIDE_1.13.0/STM32CubeIDE/plugins/com.st.stm32cube.ide.mcu.externaltools.gnu-tools-for-stm32.11.3.rel1.win32_1.1.0.202305231506/tools/bin/../lib/gcc/arm-none-eabi/11.3.1/thumb/v7e-m+fp/hard/crtbegin.o
 .ARM.attributes
                0x0000000000000052       0x34 ./Core/Src/gpio.o
 .ARM.attributes
                0x0000000000000086       0x34 ./Core/Src/main.o
 .ARM.attributes
                0x00000000000000ba       0x34 ./Core/Src/spi.o
 .ARM.attributes
                0x00000000000000ee       0x34 ./Core/Src/stm32f4xx_hal_msp.o
 .ARM.attributes
                0x0000000000000122       0x34 ./Core/Src/stm32f4xx_it.o
 .ARM.attributes
                0x0000000000000156       0x34 ./Core/Src/system_stm32f4xx.o
 .ARM.attributes
                0x000000000000018a       0x34 ./Core/Src/tim.o
 .ARM.attributes
                0x00000000000001be       0x21 ./Core/Startup/startup_stm32f407vetx.o
 .ARM.attributes
                0x00000000000001df       0x34 ./Drivers/STM32F4xx_HAL_Driver/Src/stm32f4xx_hal.o
 .ARM.attributes
                0x0000000000000213       0x34 ./Drivers/STM32F4xx_HAL_Driver/Src/stm32f4xx_hal_cortex.o
 .ARM.attributes
                0x0000000000000247       0x34 ./Drivers/STM32F4xx_HAL_Driver/Src/stm32f4xx_hal_dma.o
 .ARM.attributes
                0x000000000000027b       0x34 ./Drivers/STM32F4xx_HAL_Driver/Src/stm32f4xx_hal_gpio.o
 .ARM.attributes
                0x00000000000002af       0x34 ./Drivers/STM32F4xx_HAL_Driver/Src/stm32f4xx_hal_rcc.o
 .ARM.attributes
                0x00000000000002e3       0x34 ./Drivers/STM32F4xx_HAL_Driver/Src/stm32f4xx_hal_spi.o
 .ARM.attributes
                0x0000000000000317       0x34 ./Drivers/STM32F4xx_HAL_Driver/Src/stm32f4xx_hal_tim.o
 .ARM.attributes
                0x000000000000034b       0x34 ./Drivers/STM32F4xx_HAL_Driver/Src/stm32f4xx_hal_tim_ex.o
 .ARM.attributes
                0x000000000000037f       0x34 ./ThirdParty/mcp2518fd/drv_canfdspi_api.o
 .ARM.attributes
                0x00000000000003b3       0x34 ./ThirdParty/mcp2518fd/drv_spi.o
 .ARM.attributes
                0x00000000000003e7       0x34 C:/ST/STM32CubeIDE_1.13.0/STM32CubeIDE/plugins/com.st.stm32cube.ide.mcu.externaltools.gnu-tools-for-stm32.11.3.rel1.win32_1.1.0.202305231506/tools/bin/../lib/gcc/arm-none-eabi/11.3.1/../../../../arm-none-eabi/lib/thumb/v7e-m+fp/hard\libc_nano.a(libc_a-memset.o)
 .ARM.attributes
                0x000000000000041b       0x34 C:/ST/STM32CubeIDE_1.13.0/STM32CubeIDE/plugins/com.st.stm32cube.ide.mcu.externaltools.gnu-tools-for-stm32.11.3.rel1.win32_1.1.0.202305231506/tools/bin/../lib/gcc/arm-none-eabi/11.3.1/../../../../arm-none-eabi/lib/thumb/v7e-m+fp/hard\libc_nano.a(libc_a-init.o)
 .ARM.attributes
                0x000000000000044f       0x1e C:/ST/STM32CubeIDE_1.13.0/STM32CubeIDE/plugins/com.st.stm32cube.ide.mcu.externaltools.gnu-tools-for-stm32.11.3.rel1.win32_1.1.0.202305231506/tools/bin/../lib/gcc/arm-none-eabi/11.3.1/thumb/v7e-m+fp/hard\libgcc.a(_aeabi_uldivmod.o)
 .ARM.attributes
                0x000000000000046d       0x34 C:/ST/STM32CubeIDE_1.13.0/STM32CubeIDE/plugins/com.st.stm32cube.ide.mcu.externaltools.gnu-tools-for-stm32.11.3.rel1.win32_1.1.0.202305231506/tools/bin/../lib/gcc/arm-none-eabi/11.3.1/thumb/v7e-m+fp/hard\libgcc.a(_udivmoddi4.o)
 .ARM.attributes
                0x00000000000004a1       0x1e C:/ST/STM32CubeIDE_1.13.0/STM32CubeIDE/plugins/com.st.stm32cube.ide.mcu.externaltools.gnu-tools-for-stm32.11.3.rel1.win32_1.1.0.202305231506/tools/bin/../lib/gcc/arm-none-eabi/11.3.1/thumb/v7e-m+fp/hard\libgcc.a(_dvmd_tls.o)
 .ARM.attributes
                0x00000000000004bf       0x1e C:/ST/STM32CubeIDE_1.13.0/STM32CubeIDE/plugins/com.st.stm32cube.ide.mcu.externaltools.gnu-tools-for-stm32.11.3.rel1.win32_1.1.0.202305231506/tools/bin/../lib/gcc/arm-none-eabi/11.3.1/thumb/v7e-m+fp/hard/crtn.o
OUTPUT(stm32f407_FDCAN.elf elf32-littlearm)
LOAD linker stubs
LOAD C:/ST/STM32CubeIDE_1.13.0/STM32CubeIDE/plugins/com.st.stm32cube.ide.mcu.externaltools.gnu-tools-for-stm32.11.3.rel1.win32_1.1.0.202305231506/tools/bin/../lib/gcc/arm-none-eabi/11.3.1/../../../../arm-none-eabi/lib/thumb/v7e-m+fp/hard\libc.a
LOAD C:/ST/STM32CubeIDE_1.13.0/STM32CubeIDE/plugins/com.st.stm32cube.ide.mcu.externaltools.gnu-tools-for-stm32.11.3.rel1.win32_1.1.0.202305231506/tools/bin/../lib/gcc/arm-none-eabi/11.3.1/../../../../arm-none-eabi/lib/thumb/v7e-m+fp/hard\libm.a
LOAD C:/ST/STM32CubeIDE_1.13.0/STM32CubeIDE/plugins/com.st.stm32cube.ide.mcu.externaltools.gnu-tools-for-stm32.11.3.rel1.win32_1.1.0.202305231506/tools/bin/../lib/gcc/arm-none-eabi/11.3.1/thumb/v7e-m+fp/hard\libgcc.a

.comment        0x0000000000000000       0x43
 .comment       0x0000000000000000       0x43 C:/ST/STM32CubeIDE_1.13.0/STM32CubeIDE/plugins/com.st.stm32cube.ide.mcu.externaltools.gnu-tools-for-stm32.11.3.rel1.win32_1.1.0.202305231506/tools/bin/../lib/gcc/arm-none-eabi/11.3.1/thumb/v7e-m+fp/hard/crtbegin.o
                                         0x44 (size before relaxing)
 .comment       0x0000000000000043       0x44 ./Core/Src/gpio.o
 .comment       0x0000000000000043       0x44 ./Core/Src/main.o
 .comment       0x0000000000000043       0x44 ./Core/Src/spi.o
 .comment       0x0000000000000043       0x44 ./Core/Src/stm32f4xx_hal_msp.o
 .comment       0x0000000000000043       0x44 ./Core/Src/stm32f4xx_it.o
 .comment       0x0000000000000043       0x44 ./Core/Src/system_stm32f4xx.o
 .comment       0x0000000000000043       0x44 ./Core/Src/tim.o
 .comment       0x0000000000000043       0x44 ./Drivers/STM32F4xx_HAL_Driver/Src/stm32f4xx_hal.o
 .comment       0x0000000000000043       0x44 ./Drivers/STM32F4xx_HAL_Driver/Src/stm32f4xx_hal_cortex.o
 .comment       0x0000000000000043       0x44 ./Drivers/STM32F4xx_HAL_Driver/Src/stm32f4xx_hal_dma.o
 .comment       0x0000000000000043       0x44 ./Drivers/STM32F4xx_HAL_Driver/Src/stm32f4xx_hal_gpio.o
 .comment       0x0000000000000043       0x44 ./Drivers/STM32F4xx_HAL_Driver/Src/stm32f4xx_hal_rcc.o
 .comment       0x0000000000000043       0x44 ./Drivers/STM32F4xx_HAL_Driver/Src/stm32f4xx_hal_spi.o
 .comment       0x0000000000000043       0x44 ./Drivers/STM32F4xx_HAL_Driver/Src/stm32f4xx_hal_tim.o
 .comment       0x0000000000000043       0x44 ./Drivers/STM32F4xx_HAL_Driver/Src/stm32f4xx_hal_tim_ex.o
 .comment       0x0000000000000043       0x44 ./ThirdParty/mcp2518fd/drv_canfdspi_api.o
 .comment       0x0000000000000043       0x44 ./ThirdParty/mcp2518fd/drv_spi.o

.debug_info     0x0000000000000000    0x13fd1
 .debug_info    0x0000000000000000      0x67e ./Core/Src/gpio.o
 .debug_info    0x000000000000067e      0xf3a ./Core/Src/main.o
 .debug_info    0x00000000000015b8      0xca2 ./Core/Src/spi.o
 .debug_info    0x000000000000225a      0x269 ./Core/Src/stm32f4xx_hal_msp.o
 .debug_info    0x00000000000024c3      0xba1 ./Core/Src/stm32f4xx_it.o
 .debug_info    0x0000000000003064      0x512 ./Core/Src/system_stm32f4xx.o
 .debug_info    0x0000000000003576      0xbc2 ./Core/Src/tim.o
 .debug_info    0x0000000000004138       0x23 ./Core/Startup/startup_stm32f407vetx.o
 .debug_info    0x000000000000415b      0x948 ./Drivers/STM32F4xx_HAL_Driver/Src/stm32f4xx_hal.o
 .debug_info    0x0000000000004aa3      0xd46 ./Drivers/STM32F4xx_HAL_Driver/Src/stm32f4xx_hal_cortex.o
 .debug_info    0x00000000000057e9      0x8e7 ./Drivers/STM32F4xx_HAL_Driver/Src/stm32f4xx_hal_dma.o
 .debug_info    0x00000000000060d0      0x6c3 ./Drivers/STM32F4xx_HAL_Driver/Src/stm32f4xx_hal_gpio.o
 .debug_info    0x0000000000006793      0x8b1 ./Drivers/STM32F4xx_HAL_Driver/Src/stm32f4xx_hal_rcc.o
 .debug_info    0x0000000000007044     0x15fb ./Drivers/STM32F4xx_HAL_Driver/Src/stm32f4xx_hal_spi.o
 .debug_info    0x000000000000863f     0x2948 ./Drivers/STM32F4xx_HAL_Driver/Src/stm32f4xx_hal_tim.o
 .debug_info    0x000000000000af87     0x14ae ./Drivers/STM32F4xx_HAL_Driver/Src/stm32f4xx_hal_tim_ex.o
 .debug_info    0x000000000000c435     0x5d99 ./ThirdParty/mcp2518fd/drv_canfdspi_api.o
 .debug_info    0x00000000000121ce     0x1e03 ./ThirdParty/mcp2518fd/drv_spi.o

.debug_abbrev   0x0000000000000000     0x259b
 .debug_abbrev  0x0000000000000000      0x174 ./Core/Src/gpio.o
 .debug_abbrev  0x0000000000000174      0x25d ./Core/Src/main.o
 .debug_abbrev  0x00000000000003d1      0x218 ./Core/Src/spi.o
 .debug_abbrev  0x00000000000005e9       0xd8 ./Core/Src/stm32f4xx_hal_msp.o
 .debug_abbrev  0x00000000000006c1      0x203 ./Core/Src/stm32f4xx_it.o
 .debug_abbrev  0x00000000000008c4      0x11a ./Core/Src/system_stm32f4xx.o
 .debug_abbrev  0x00000000000009de      0x218 ./Core/Src/tim.o
 .debug_abbrev  0x0000000000000bf6       0x12 ./Core/Startup/startup_stm32f407vetx.o
 .debug_abbrev  0x0000000000000c08      0x213 ./Drivers/STM32F4xx_HAL_Driver/Src/stm32f4xx_hal.o
 .debug_abbrev  0x0000000000000e1b      0x327 ./Drivers/STM32F4xx_HAL_Driver/Src/stm32f4xx_hal_cortex.o
 .debug_abbrev  0x0000000000001142      0x264 ./Drivers/STM32F4xx_HAL_Driver/Src/stm32f4xx_hal_dma.o
 .debug_abbrev  0x00000000000013a6      0x1d4 ./Drivers/STM32F4xx_HAL_Driver/Src/stm32f4xx_hal_gpio.o
 .debug_abbrev  0x000000000000157a      0x2b6 ./Drivers/STM32F4xx_HAL_Driver/Src/stm32f4xx_hal_rcc.o
 .debug_abbrev  0x0000000000001830      0x284 ./Drivers/STM32F4xx_HAL_Driver/Src/stm32f4xx_hal_spi.o
 .debug_abbrev  0x0000000000001ab4      0x271 ./Drivers/STM32F4xx_HAL_Driver/Src/stm32f4xx_hal_tim.o
 .debug_abbrev  0x0000000000001d25      0x27c ./Drivers/STM32F4xx_HAL_Driver/Src/stm32f4xx_hal_tim_ex.o
 .debug_abbrev  0x0000000000001fa1      0x311 ./ThirdParty/mcp2518fd/drv_canfdspi_api.o
 .debug_abbrev  0x00000000000022b2      0x2e9 ./ThirdParty/mcp2518fd/drv_spi.o

.debug_aranges  0x0000000000000000     0x10c0
 .debug_aranges
                0x0000000000000000       0x20 ./Core/Src/gpio.o
 .debug_aranges
                0x0000000000000020       0x38 ./Core/Src/main.o
 .debug_aranges
                0x0000000000000058       0x40 ./Core/Src/spi.o
 .debug_aranges
                0x0000000000000098       0x20 ./Core/Src/stm32f4xx_hal_msp.o
 .debug_aranges
                0x00000000000000b8       0x90 ./Core/Src/stm32f4xx_it.o
 .debug_aranges
                0x0000000000000148       0x28 ./Core/Src/system_stm32f4xx.o
 .debug_aranges
                0x0000000000000170       0x38 ./Core/Src/tim.o
 .debug_aranges
                0x00000000000001a8       0x28 ./Core/Startup/startup_stm32f407vetx.o
 .debug_aranges
                0x00000000000001d0       0xf0 ./Drivers/STM32F4xx_HAL_Driver/Src/stm32f4xx_hal.o
 .debug_aranges
                0x00000000000002c0      0x118 ./Drivers/STM32F4xx_HAL_Driver/Src/stm32f4xx_hal_cortex.o
 .debug_aranges
                0x00000000000003d8       0x90 ./Drivers/STM32F4xx_HAL_Driver/Src/stm32f4xx_hal_dma.o
 .debug_aranges
                0x0000000000000468       0x58 ./Drivers/STM32F4xx_HAL_Driver/Src/stm32f4xx_hal_gpio.o
 .debug_aranges
                0x00000000000004c0       0x88 ./Drivers/STM32F4xx_HAL_Driver/Src/stm32f4xx_hal_rcc.o
 .debug_aranges
                0x0000000000000548      0x1d0 ./Drivers/STM32F4xx_HAL_Driver/Src/stm32f4xx_hal_spi.o
 .debug_aranges
                0x0000000000000718      0x3d0 ./Drivers/STM32F4xx_HAL_Driver/Src/stm32f4xx_hal_tim.o
 .debug_aranges
                0x0000000000000ae8      0x168 ./Drivers/STM32F4xx_HAL_Driver/Src/stm32f4xx_hal_tim_ex.o
 .debug_aranges
                0x0000000000000c50      0x430 ./ThirdParty/mcp2518fd/drv_canfdspi_api.o
 .debug_aranges
                0x0000000000001080       0x40 ./ThirdParty/mcp2518fd/drv_spi.o

.debug_rnglists
                0x0000000000000000      0xcfa
 .debug_rnglists
                0x0000000000000000       0x14 ./Core/Src/gpio.o
 .debug_rnglists
                0x0000000000000014       0x27 ./Core/Src/main.o
 .debug_rnglists
                0x000000000000003b       0x2d ./Core/Src/spi.o
 .debug_rnglists
                0x0000000000000068       0x13 ./Core/Src/stm32f4xx_hal_msp.o
 .debug_rnglists
                0x000000000000007b       0x67 ./Core/Src/stm32f4xx_it.o
 .debug_rnglists
                0x00000000000000e2       0x1a ./Core/Src/system_stm32f4xx.o
 .debug_rnglists
                0x00000000000000fc       0x25 ./Core/Src/tim.o
 .debug_rnglists
                0x0000000000000121       0x19 ./Core/Startup/startup_stm32f407vetx.o
 .debug_rnglists
                0x000000000000013a       0xaf ./Drivers/STM32F4xx_HAL_Driver/Src/stm32f4xx_hal.o
 .debug_rnglists
                0x00000000000001e9       0xce ./Drivers/STM32F4xx_HAL_Driver/Src/stm32f4xx_hal_cortex.o
 .debug_rnglists
                0x00000000000002b7       0x70 ./Drivers/STM32F4xx_HAL_Driver/Src/stm32f4xx_hal_dma.o
 .debug_rnglists
                0x0000000000000327       0x3f ./Drivers/STM32F4xx_HAL_Driver/Src/stm32f4xx_hal_gpio.o
 .debug_rnglists
                0x0000000000000366       0x66 ./Drivers/STM32F4xx_HAL_Driver/Src/stm32f4xx_hal_rcc.o
 .debug_rnglists
                0x00000000000003cc      0x16f ./Drivers/STM32F4xx_HAL_Driver/Src/stm32f4xx_hal_spi.o
 .debug_rnglists
                0x000000000000053b      0x31a ./Drivers/STM32F4xx_HAL_Driver/Src/stm32f4xx_hal_tim.o
 .debug_rnglists
                0x0000000000000855      0x125 ./Drivers/STM32F4xx_HAL_Driver/Src/stm32f4xx_hal_tim_ex.o
 .debug_rnglists
                0x000000000000097a      0x352 ./ThirdParty/mcp2518fd/drv_canfdspi_api.o
 .debug_rnglists
                0x0000000000000ccc       0x2e ./ThirdParty/mcp2518fd/drv_spi.o

.debug_macro    0x0000000000000000    0x21cfe
 .debug_macro   0x0000000000000000      0x1e8 ./Core/Src/gpio.o
 .debug_macro   0x00000000000001e8      0xaa8 ./Core/Src/gpio.o
 .debug_macro   0x0000000000000c90      0x29b ./Core/Src/gpio.o
 .debug_macro   0x0000000000000f2b       0x2e ./Core/Src/gpio.o
 .debug_macro   0x0000000000000f59       0x2f ./Core/Src/gpio.o
 .debug_macro   0x0000000000000f88       0x22 ./Core/Src/gpio.o
 .debug_macro   0x0000000000000faa       0x8e ./Core/Src/gpio.o
 .debug_macro   0x0000000000001038       0x51 ./Core/Src/gpio.o
 .debug_macro   0x0000000000001089      0x103 ./Core/Src/gpio.o
 .debug_macro   0x000000000000118c       0x6a ./Core/Src/gpio.o
 .debug_macro   0x00000000000011f6      0x1df ./Core/Src/gpio.o
 .debug_macro   0x00000000000013d5       0x1c ./Core/Src/gpio.o
 .debug_macro   0x00000000000013f1       0x22 ./Core/Src/gpio.o
 .debug_macro   0x0000000000001413       0xd9 ./Core/Src/gpio.o
 .debug_macro   0x00000000000014ec     0x102d ./Core/Src/gpio.o
 .debug_macro   0x0000000000002519      0x11f ./Core/Src/gpio.o
 .debug_macro   0x0000000000002638    0x15e82 ./Core/Src/gpio.o
 .debug_macro   0x00000000000184ba       0x6d ./Core/Src/gpio.o
 .debug_macro   0x0000000000018527     0x367e ./Core/Src/gpio.o
 .debug_macro   0x000000000001bba5      0x174 ./Core/Src/gpio.o
 .debug_macro   0x000000000001bd19       0x5c ./Core/Src/gpio.o
 .debug_macro   0x000000000001bd75      0x96b ./Core/Src/gpio.o
 .debug_macro   0x000000000001c6e0      0x9fe ./Core/Src/gpio.o
 .debug_macro   0x000000000001d0de      0x115 ./Core/Src/gpio.o
 .debug_macro   0x000000000001d1f3      0x13e ./Core/Src/gpio.o
 .debug_macro   0x000000000001d331       0xa5 ./Core/Src/gpio.o
 .debug_macro   0x000000000001d3d6      0x174 ./Core/Src/gpio.o
 .debug_macro   0x000000000001d54a      0x287 ./Core/Src/gpio.o
 .debug_macro   0x000000000001d7d1       0x5f ./Core/Src/gpio.o
 .debug_macro   0x000000000001d830      0x236 ./Core/Src/gpio.o
 .debug_macro   0x000000000001da66      0x12c ./Core/Src/gpio.o
 .debug_macro   0x000000000001db92      0x21e ./Core/Src/gpio.o
 .debug_macro   0x000000000001ddb0       0x2e ./Core/Src/gpio.o
 .debug_macro   0x000000000001ddde      0x11a ./Core/Src/gpio.o
 .debug_macro   0x000000000001def8       0x7e ./Core/Src/gpio.o
 .debug_macro   0x000000000001df76       0x89 ./Core/Src/gpio.o
 .debug_macro   0x000000000001dfff      0x225 ./Core/Src/gpio.o
 .debug_macro   0x000000000001e224      0x8e6 ./Core/Src/gpio.o
 .debug_macro   0x000000000001eb0a       0x47 ./Core/Src/gpio.o
 .debug_macro   0x000000000001eb51      0x12d ./Core/Src/gpio.o
 .debug_macro   0x000000000001ec7e      0x36d ./Core/Src/main.o
 .debug_macro   0x000000000001efeb       0x22 ./Core/Src/main.o
 .debug_macro   0x000000000001f00d       0x2a ./Core/Src/main.o
 .debug_macro   0x000000000001f037       0x61 ./Core/Src/main.o
 .debug_macro   0x000000000001f098       0x43 ./Core/Src/main.o
 .debug_macro   0x000000000001f0db       0x34 ./Core/Src/main.o
 .debug_macro   0x000000000001f10f       0x16 ./Core/Src/main.o
 .debug_macro   0x000000000001f125       0x35 ./Core/Src/main.o
 .debug_macro   0x000000000001f15a       0x16 ./Core/Src/main.o
 .debug_macro   0x000000000001f170       0x43 ./Core/Src/main.o
 .debug_macro   0x000000000001f1b3       0x34 ./Core/Src/main.o
 .debug_macro   0x000000000001f1e7       0x10 ./Core/Src/main.o
 .debug_macro   0x000000000001f1f7       0x58 ./Core/Src/main.o
 .debug_macro   0x000000000001f24f       0x8e ./Core/Src/main.o
 .debug_macro   0x000000000001f2dd       0x1c ./Core/Src/main.o
 .debug_macro   0x000000000001f2f9      0x177 ./Core/Src/main.o
 .debug_macro   0x000000000001f470      0x369 ./Core/Src/main.o
 .debug_macro   0x000000000001f7d9       0x16 ./Core/Src/main.o
 .debug_macro   0x000000000001f7ef       0x29 ./Core/Src/main.o
 .debug_macro   0x000000000001f818       0x16 ./Core/Src/main.o
 .debug_macro   0x000000000001f82e       0x20 ./Core/Src/main.o
 .debug_macro   0x000000000001f84e       0x1c ./Core/Src/main.o
 .debug_macro   0x000000000001f86a       0x10 ./Core/Src/main.o
 .debug_macro   0x000000000001f87a       0x1c ./Core/Src/main.o
 .debug_macro   0x000000000001f896       0x16 ./Core/Src/main.o
 .debug_macro   0x000000000001f8ac      0x147 ./Core/Src/main.o
 .debug_macro   0x000000000001f9f3       0x54 ./Core/Src/main.o
 .debug_macro   0x000000000001fa47       0x1c ./Core/Src/main.o
 .debug_macro   0x000000000001fa63      0x1e8 ./Core/Src/spi.o
 .debug_macro   0x000000000001fc4b      0x1de ./Core/Src/stm32f4xx_hal_msp.o
 .debug_macro   0x000000000001fe29      0x36d ./Core/Src/stm32f4xx_it.o
 .debug_macro   0x0000000000020196      0x1ce ./Core/Src/system_stm32f4xx.o
 .debug_macro   0x0000000000020364      0x1e8 ./Core/Src/tim.o
 .debug_macro   0x000000000002054c      0x22e ./Drivers/STM32F4xx_HAL_Driver/Src/stm32f4xx_hal.o
 .debug_macro   0x000000000002077a      0x1ce ./Drivers/STM32F4xx_HAL_Driver/Src/stm32f4xx_hal_cortex.o
 .debug_macro   0x0000000000020948      0x1d4 ./Drivers/STM32F4xx_HAL_Driver/Src/stm32f4xx_hal_dma.o
 .debug_macro   0x0000000000020b1c      0x1d4 ./Drivers/STM32F4xx_HAL_Driver/Src/stm32f4xx_hal_gpio.o
 .debug_macro   0x0000000000020cf0      0x1f2 ./Drivers/STM32F4xx_HAL_Driver/Src/stm32f4xx_hal_rcc.o
 .debug_macro   0x0000000000020ee2      0x1dd ./Drivers/STM32F4xx_HAL_Driver/Src/stm32f4xx_hal_spi.o
 .debug_macro   0x00000000000210bf      0x1cf ./Drivers/STM32F4xx_HAL_Driver/Src/stm32f4xx_hal_tim.o
 .debug_macro   0x000000000002128e      0x1ce ./Drivers/STM32F4xx_HAL_Driver/Src/stm32f4xx_hal_tim_ex.o
 .debug_macro   0x000000000002145c      0x373 ./ThirdParty/mcp2518fd/drv_canfdspi_api.o
 .debug_macro   0x00000000000217cf       0x56 ./ThirdParty/mcp2518fd/drv_canfdspi_api.o
 .debug_macro   0x0000000000021825      0x14c ./ThirdParty/mcp2518fd/drv_canfdspi_api.o
 .debug_macro   0x0000000000021971       0x10 ./ThirdParty/mcp2518fd/drv_canfdspi_api.o
 .debug_macro   0x0000000000021981      0x37d ./ThirdParty/mcp2518fd/drv_spi.o

.debug_line     0x0000000000000000    0x126d0
 .debug_line    0x0000000000000000      0x770 ./Core/Src/gpio.o
 .debug_line    0x0000000000000770      0xa6a ./Core/Src/main.o
 .debug_line    0x00000000000011da      0x8cc ./Core/Src/spi.o
 .debug_line    0x0000000000001aa6      0x746 ./Core/Src/stm32f4xx_hal_msp.o
 .debug_line    0x00000000000021ec      0xb2e ./Core/Src/stm32f4xx_it.o
 .debug_line    0x0000000000002d1a      0x7c7 ./Core/Src/system_stm32f4xx.o
 .debug_line    0x00000000000034e1      0x7f3 ./Core/Src/tim.o
 .debug_line    0x0000000000003cd4       0x7a ./Core/Startup/startup_stm32f407vetx.o
 .debug_line    0x0000000000003d4e      0xa2d ./Drivers/STM32F4xx_HAL_Driver/Src/stm32f4xx_hal.o
 .debug_line    0x000000000000477b      0xcdc ./Drivers/STM32F4xx_HAL_Driver/Src/stm32f4xx_hal_cortex.o
 .debug_line    0x0000000000005457      0xf91 ./Drivers/STM32F4xx_HAL_Driver/Src/stm32f4xx_hal_dma.o
 .debug_line    0x00000000000063e8      0xba1 ./Drivers/STM32F4xx_HAL_Driver/Src/stm32f4xx_hal_gpio.o
 .debug_line    0x0000000000006f89      0xda4 ./Drivers/STM32F4xx_HAL_Driver/Src/stm32f4xx_hal_rcc.o
 .debug_line    0x0000000000007d2d     0x1cbe ./Drivers/STM32F4xx_HAL_Driver/Src/stm32f4xx_hal_spi.o
 .debug_line    0x00000000000099eb     0x3719 ./Drivers/STM32F4xx_HAL_Driver/Src/stm32f4xx_hal_tim.o
 .debug_line    0x000000000000d104     0x1a2a ./Drivers/STM32F4xx_HAL_Driver/Src/stm32f4xx_hal_tim_ex.o
 .debug_line    0x000000000000eb2e     0x309b ./ThirdParty/mcp2518fd/drv_canfdspi_api.o
 .debug_line    0x0000000000011bc9      0xb07 ./ThirdParty/mcp2518fd/drv_spi.o

.debug_str      0x0000000000000000    0xce3ca
 .debug_str     0x0000000000000000    0xc335a ./Core/Src/gpio.o
                                      0xc35fb (size before relaxing)
 .debug_str     0x00000000000c335a     0x43a4 ./Core/Src/main.o
                                      0xc750c (size before relaxing)
 .debug_str     0x00000000000c76fe       0x75 ./Core/Src/spi.o
                                      0xc3ac1 (size before relaxing)
 .debug_str     0x00000000000c7773       0x2c ./Core/Src/stm32f4xx_hal_msp.o
                                      0xc3010 (size before relaxing)
 .debug_str     0x00000000000c779f      0x1bc ./Core/Src/stm32f4xx_it.o
                                      0xc7324 (size before relaxing)
 .debug_str     0x00000000000c795b       0xdb ./Core/Src/system_stm32f4xx.o
                                      0xc30b1 (size before relaxing)
 .debug_str     0x00000000000c7a36       0xd5 ./Core/Src/tim.o
                                      0xc3b81 (size before relaxing)
 .debug_str     0x00000000000c7b0b       0x34 ./Core/Startup/startup_stm32f407vetx.o
                                         0x9b (size before relaxing)
 .debug_str     0x00000000000c7b3f      0x5fe ./Drivers/STM32F4xx_HAL_Driver/Src/stm32f4xx_hal.o
                                      0xc3c35 (size before relaxing)
 .debug_str     0x00000000000c813d      0x32d ./Drivers/STM32F4xx_HAL_Driver/Src/stm32f4xx_hal_cortex.o
                                      0xc3968 (size before relaxing)
 .debug_str     0x00000000000c846a      0x315 ./Drivers/STM32F4xx_HAL_Driver/Src/stm32f4xx_hal_dma.o
                                      0xc34cb (size before relaxing)
 .debug_str     0x00000000000c877f       0xf5 ./Drivers/STM32F4xx_HAL_Driver/Src/stm32f4xx_hal_gpio.o
                                      0xc322c (size before relaxing)
 .debug_str     0x00000000000c8874      0x228 ./Drivers/STM32F4xx_HAL_Driver/Src/stm32f4xx_hal_rcc.o
                                      0xc34e5 (size before relaxing)
 .debug_str     0x00000000000c8a9c      0x53b ./Drivers/STM32F4xx_HAL_Driver/Src/stm32f4xx_hal_spi.o
                                      0xc3975 (size before relaxing)
 .debug_str     0x00000000000c8fd7      0xe0a ./Drivers/STM32F4xx_HAL_Driver/Src/stm32f4xx_hal_tim.o
                                      0xc442b (size before relaxing)
 .debug_str     0x00000000000c9de1      0x493 ./Drivers/STM32F4xx_HAL_Driver/Src/stm32f4xx_hal_tim_ex.o
                                      0xc3c47 (size before relaxing)
 .debug_str     0x00000000000ca274     0x3eee ./ThirdParty/mcp2518fd/drv_canfdspi_api.o
                                      0xcabdb (size before relaxing)
 .debug_str     0x00000000000ce162      0x268 ./ThirdParty/mcp2518fd/drv_spi.o
                                      0xc8e67 (size before relaxing)

.debug_frame    0x0000000000000000     0x4640
 .debug_frame   0x0000000000000000       0x34 ./Core/Src/gpio.o
 .debug_frame   0x0000000000000034       0x90 ./Core/Src/main.o
 .debug_frame   0x00000000000000c4       0xac ./Core/Src/spi.o
 .debug_frame   0x0000000000000170       0x38 ./Core/Src/stm32f4xx_hal_msp.o
 .debug_frame   0x00000000000001a8      0x1b0 ./Core/Src/stm32f4xx_it.o
 .debug_frame   0x0000000000000358       0x58 ./Core/Src/system_stm32f4xx.o
 .debug_frame   0x00000000000003b0       0x98 ./Core/Src/tim.o
 .debug_frame   0x0000000000000448      0x374 ./Drivers/STM32F4xx_HAL_Driver/Src/stm32f4xx_hal.o
 .debug_frame   0x00000000000007bc      0x498 ./Drivers/STM32F4xx_HAL_Driver/Src/stm32f4xx_hal_cortex.o
 .debug_frame   0x0000000000000c54      0x250 ./Drivers/STM32F4xx_HAL_Driver/Src/stm32f4xx_hal_dma.o
 .debug_frame   0x0000000000000ea4      0x14c ./Drivers/STM32F4xx_HAL_Driver/Src/stm32f4xx_hal_gpio.o
 .debug_frame   0x0000000000000ff0      0x1f4 ./Drivers/STM32F4xx_HAL_Driver/Src/stm32f4xx_hal_rcc.o
 .debug_frame   0x00000000000011e4      0x824 ./Drivers/STM32F4xx_HAL_Driver/Src/stm32f4xx_hal_spi.o
 .debug_frame   0x0000000000001a08     0x11c4 ./Drivers/STM32F4xx_HAL_Driver/Src/stm32f4xx_hal_tim.o
 .debug_frame   0x0000000000002bcc      0x638 ./Drivers/STM32F4xx_HAL_Driver/Src/stm32f4xx_hal_tim_ex.o
 .debug_frame   0x0000000000003204     0x12c4 ./ThirdParty/mcp2518fd/drv_canfdspi_api.o
 .debug_frame   0x00000000000044c8       0xcc ./ThirdParty/mcp2518fd/drv_spi.o
 .debug_frame   0x0000000000004594       0x20 C:/ST/STM32CubeIDE_1.13.0/STM32CubeIDE/plugins/com.st.stm32cube.ide.mcu.externaltools.gnu-tools-for-stm32.11.3.rel1.win32_1.1.0.202305231506/tools/bin/../lib/gcc/arm-none-eabi/11.3.1/../../../../arm-none-eabi/lib/thumb/v7e-m+fp/hard\libc_nano.a(libc_a-memset.o)
 .debug_frame   0x00000000000045b4       0x2c C:/ST/STM32CubeIDE_1.13.0/STM32CubeIDE/plugins/com.st.stm32cube.ide.mcu.externaltools.gnu-tools-for-stm32.11.3.rel1.win32_1.1.0.202305231506/tools/bin/../lib/gcc/arm-none-eabi/11.3.1/../../../../arm-none-eabi/lib/thumb/v7e-m+fp/hard\libc_nano.a(libc_a-init.o)
 .debug_frame   0x00000000000045e0       0x2c C:/ST/STM32CubeIDE_1.13.0/STM32CubeIDE/plugins/com.st.stm32cube.ide.mcu.externaltools.gnu-tools-for-stm32.11.3.rel1.win32_1.1.0.202305231506/tools/bin/../lib/gcc/arm-none-eabi/11.3.1/thumb/v7e-m+fp/hard\libgcc.a(_aeabi_uldivmod.o)
 .debug_frame   0x000000000000460c       0x34 C:/ST/STM32CubeIDE_1.13.0/STM32CubeIDE/plugins/com.st.stm32cube.ide.mcu.externaltools.gnu-tools-for-stm32.11.3.rel1.win32_1.1.0.202305231506/tools/bin/../lib/gcc/arm-none-eabi/11.3.1/thumb/v7e-m+fp/hard\libgcc.a(_udivmoddi4.o)

.debug_line_str
                0x0000000000000000       0x8f
 .debug_line_str
                0x0000000000000000       0x8f ./Core/Startup/startup_stm32f407vetx.o
                                         0xa7 (size before relaxing)
