../Core/Src/stm32f4xx_it.c:86:6:NMI_Handler	4	static
../Core/Src/stm32f4xx_it.c:101:6:HardFault_Handler	4	static
../Core/Src/stm32f4xx_it.c:116:6:MemManage_Handler	4	static
../Core/Src/stm32f4xx_it.c:131:6:BusFault_Handler	4	static
../Core/Src/stm32f4xx_it.c:146:6:UsageFault_Handler	4	static
../Core/Src/stm32f4xx_it.c:161:6:SVC_Handler	4	static
../Core/Src/stm32f4xx_it.c:174:6:DebugMon_Handler	4	static
../Core/Src/stm32f4xx_it.c:187:6:PendSV_Handler	4	static
../Core/Src/stm32f4xx_it.c:200:6:SysTick_Handler	8	static
../Core/Src/stm32f4xx_it.c:221:6:EXTI3_IRQHandler	8	static
../Core/Src/stm32f4xx_it.c:238:6:EXTI4_IRQHandler	8	static
../Core/Src/stm32f4xx_it.c:255:6:EXTI9_5_IRQHandler	8	static
../Core/Src/stm32f4xx_it.c:271:6:SPI1_IRQHandler	8	static
../Core/Src/stm32f4xx_it.c:286:6:SPI2_IRQHandler	8	static
../Core/Src/stm32f4xx_it.c:300:6:TIM8_TRG_COM_TIM14_IRQHandler	16	static
../Core/Src/stm32f4xx_it.c:332:6:SPI3_IRQHandler	8	static
